
> immo-platform@0.1.0 build
> next build

Ôû▓ Next.js 16.1.6 (Turbopack)
- Environments: .env

  Creating an optimized production build ...
Ô£ô Compiled successfully in 2.9min
  Running TypeScript ...
node.exe : Failed 
to compile.
Au caractère 
Ligne:1 : 1
+ & "C:\Program Fil
es\nodejs/node.exe"
 "C:\Program Files\
nodejs/node_mo ...
+ ~~~~~~~~~~~~~~~~~
~~~~~~~~~~~~~~~~~~~
~~~~~~~~~~~~~~~~~~~
~~~~~~~~~~~~~~
    + CategoryInfo 
             : No  
  tSpecified: (F   
 ailed to compi    
le.:String) []    
, RemoteExcept    
ion
    + FullyQualifi 
   edErrorId : Na  
  tiveCommandErr   
 or
 

./src/app/(main)/da
shboard/page.tsx:23
1:26
Type error: Cannot 
find name 
'ShieldCheck'.

[0m [90m 229 
|[39m             
                [3
3m<[39m[33m/[39m
[33mLink[39m[33m
>[39m
 [90m 230 |[39m  
                   
    [33m<[39m[33
m/[39m[33mdiv[39
m[33m>[39m
[31m[1m>[22m[39
m[90m 231 |[39m  
                   
    [33m<[39m[33
mShieldCheck[39m c
lassName[33m=[39m
[32m"absolute 
-bottom-10 
-right-10 w-64 
h-64 
text-gold-immo/5 
-rotate-12 group-ho
ver:rotate-0 transi
tion-transform 
duration-700"[39m 
[33m/[39m[33m>[
39m
 [90m     |[39m  
                   
     [31m[1m^[22
m[39m
 [90m 232 |[39m  
                   
[33m<[39m[33m/[
39m[33mdiv[39m[3
3m>[39m
 [90m 233 |[39m  
               ) 
[33m:[39m 
[36mnull[39m}
 [90m 234 |[39m  
           [33m<[
39m[33m/[39m[33m
div[39m[33m>[39m
[0m
Next.js build 
worker exited with 
code: 1 and 
signal: null
